<?xml version="1.0" encoding="utf-8"?><testsuites><testsuite name="pytest" errors="0" failures="0" skipped="0" tests="15" time="5.933" timestamp="2023-08-15T14:59:20.089648" hostname="BLD"><testcase classname="test_main" name="test_remove_test_cases" time="0.056" /><testcase classname="test_main" name="test_add_user" time="0.603" /><testcase classname="test_main" name="test_overlapping_email" time="0.300" /><testcase classname="test_main" name="test_overlapping_user" time="0.264" /><testcase classname="test_main" name="test_username_case_duplicate_handling" time="0.262" /><testcase classname="test_main" name="test_password_duplicate" time="0.568" /><testcase classname="test_main" name="test_firstName_duplicate" time="0.584" /><testcase classname="test_main" name="test_putUserSurveyData" time="0.431" /><testcase classname="test_main" name="test_putUserSurveyDataEmptyVals" time="0.561" /><testcase classname="test_main" name="test_searchRecipesTitleEmpty" time="0.046" /><testcase classname="test_main" name="test_searchRecipesTitle" time="0.064" /><testcase classname="test_main" name="test_searchRecipesTitleNoRecords" time="0.042" /><testcase classname="test_main" name="test_searchRecipesTagEmpty" time="0.045" /><testcase classname="test_main" name="test_searchRecipesTag" time="0.479" /><testcase classname="test_main" name="test_searchRecipesTagNoRecords" time="0.047" /></testsuite></testsuites>